// Jest Snapshot v1, https://goo.gl/fbAQLP

exports[`show output from task should have persistent output: test-e2e-oYHBlOYGg8juKRkaqigY617eyLbGMuDd-err 1`] = `Array []`;

exports[`show output from task should have persistent output: test-e2e-oYHBlOYGg8juKRkaqigY617eyLbGMuDd-exit 1`] = `Array []`;

exports[`show output from task should have persistent output: test-e2e-oYHBlOYGg8juKRkaqigY617eyLbGMuDd-out 1`] = `
Array [
  Array [
    "[2m‚óº[22m This task will execute.  
",
  ],
  Array [
    "[2K[1A[2K[G[33m‚ùØ[39m This task will execute.  
",
  ],
  Array [
    "[2K[1A[2K[G[33m‚ùØ[39m This task will execute.
  ‚Ä∫ I will push an output. [0]  
",
  ],
  Array [
    "[2K[1A[2K[1A[2K[G[33m‚ùØ[39m This task will execute.
  ‚Ä∫ I will push an output. [1]  
",
  ],
  Array [
    "[2K[1A[2K[1A[2K[G[33m‚ùØ[39m This task will execute.
  ‚Ä∫ I will push an output. [2]  
",
  ],
  Array [
    "[2K[1A[2K[1A[2K[G[32m‚úî[39m This task will execute.
  ‚Ä∫ I will push an output. [2]  
",
  ],
  Array [
    "[2K[1A[2K[1A[2K[G[32m‚úî[39m This task will execute.
  ‚Ä∫ I will push an output. [2] 
",
  ],
]
`;

exports[`show output from task should indent long multiline output with persistent output: test-e2e-j7BqsosH97ffW1SQSdkADSm2HnSZQ9nn-err 1`] = `Array []`;

exports[`show output from task should indent long multiline output with persistent output: test-e2e-j7BqsosH97ffW1SQSdkADSm2HnSZQ9nn-exit 1`] = `Array []`;

exports[`show output from task should indent long multiline output with persistent output: test-e2e-j7BqsosH97ffW1SQSdkADSm2HnSZQ9nn-out 1`] = `
Array [
  Array [
    "[2m‚óº[22m This task will execute.  
",
  ],
  Array [
    "[2K[1A[2K[G[33m‚ùØ[39m This task will execute.  
",
  ],
  Array [
    "[2K[1A[2K[G[33m‚ùØ[39m This task will execute.
  ‚Ä∫ This is along long long long long long long long long long long long long l‚Ä¶
    long long long long long long long long long long long long long long long ‚Ä¶
    long long long long long long long long long long long long long long long ‚Ä¶
    long long long long long long long long long long long long long long long ‚Ä¶
    long long long long long long long long long long long long long long long ‚Ä¶
    multi line output.  
",
  ],
  Array [
    "[2K[1A[2K[1A[2K[1A[2K[1A[2K[1A[2K[1A[2K[1A[2K[G[32m‚úî[39m This task will execute.
  ‚Ä∫ This is along long long long long long long long long long long long long l‚Ä¶
    long long long long long long long long long long long long long long long ‚Ä¶
    long long long long long long long long long long long long long long long ‚Ä¶
    long long long long long long long long long long long long long long long ‚Ä¶
    long long long long long long long long long long long long long long long ‚Ä¶
    multi line output.  
",
  ],
  Array [
    "[2K[1A[2K[1A[2K[1A[2K[1A[2K[1A[2K[1A[2K[1A[2K[G[32m‚úî[39m This task will execute.
  ‚Ä∫ This is along long long long long long long long long long long long long l‚Ä¶
    long long long long long long long long long long long long long long long ‚Ä¶
    long long long long long long long long long long long long long long long ‚Ä¶
    long long long long long long long long long long long long long long long ‚Ä¶
    long long long long long long long long long long long long long long long ‚Ä¶
    multi line output. 
",
  ],
]
`;

exports[`show output from task should limit output to bottom bar persistently: test-e2e-d4wXg4yGYak09qivTqgKFZaQJ3PvDZm5-err 1`] = `Array []`;

exports[`show output from task should limit output to bottom bar persistently: test-e2e-d4wXg4yGYak09qivTqgKFZaQJ3PvDZm5-exit 1`] = `Array []`;

exports[`show output from task should limit output to bottom bar persistently: test-e2e-d4wXg4yGYak09qivTqgKFZaQJ3PvDZm5-out 1`] = `
Array [
  Array [
    "[2m‚óº[22m This task will execute.  
",
  ],
  Array [
    "[2K[1A[2K[G[33m‚ùØ[39m This task will execute.  
",
  ],
  Array [
    "[2K[1A[2K[G[33m‚ùØ[39m This task will execute. 

‚Ä∫ I will push an output. [0] 
",
  ],
  Array [
    "[2K[1A[2K[1A[2K[1A[2K[G[33m‚ùØ[39m This task will execute. 

‚Ä∫ I will push an output. [0]
‚Ä∫ I will push an output. [1] 
",
  ],
  Array [
    "[2K[1A[2K[1A[2K[1A[2K[1A[2K[G[33m‚ùØ[39m This task will execute. 

‚Ä∫ I will push an output. [1]
‚Ä∫ I will push an output. [2] 
",
  ],
  Array [
    "[2K[1A[2K[1A[2K[1A[2K[1A[2K[G[32m‚úî[39m This task will execute.  
",
  ],
  Array [
    "[2K[1A[2K[G[32m‚úî[39m This task will execute. 
",
  ],
]
`;

exports[`show output from task should output to bottom bar 2 times at most and delete the prior tasks output when finished: test-e2e-NpGb4ry8b6hlK7VkJ1YcXcVibx0k5Sus-err 1`] = `Array []`;

exports[`show output from task should output to bottom bar 2 times at most and delete the prior tasks output when finished: test-e2e-NpGb4ry8b6hlK7VkJ1YcXcVibx0k5Sus-exit 1`] = `Array []`;

exports[`show output from task should output to bottom bar 2 times at most and delete the prior tasks output when finished: test-e2e-NpGb4ry8b6hlK7VkJ1YcXcVibx0k5Sus-out 1`] = `
Array [
  Array [
    "[2m‚óº[22m This task will execute.  
",
  ],
  Array [
    "[2K[1A[2K[G[2m‚óº[22m This task will execute.
[2m‚óº[22m This task will execute.  
",
  ],
  Array [
    "[2K[1A[2K[1A[2K[G[33m‚ùØ[39m This task will execute.
[2m‚óº[22m This task will execute.  
",
  ],
  Array [
    "[2K[1A[2K[1A[2K[G[33m‚ùØ[39m This task will execute.
[2m‚óº[22m This task will execute. 

‚Ä∫ I will push an output. [0] 
",
  ],
  Array [
    "[2K[1A[2K[1A[2K[1A[2K[1A[2K[G[33m‚ùØ[39m This task will execute.
[2m‚óº[22m This task will execute. 

‚Ä∫ I will push an output. [1] 
",
  ],
  Array [
    "[2K[1A[2K[1A[2K[1A[2K[1A[2K[G[33m‚ùØ[39m This task will execute.
[2m‚óº[22m This task will execute. 

‚Ä∫ I will push an output. [2] 
",
  ],
  Array [
    "[2K[1A[2K[1A[2K[1A[2K[1A[2K[G[32m‚úî[39m This task will execute.
[2m‚óº[22m This task will execute.  
",
  ],
  Array [
    "[2K[1A[2K[1A[2K[G[32m‚úî[39m This task will execute.
[33m‚ùØ[39m This task will execute.  
",
  ],
  Array [
    "[2K[1A[2K[1A[2K[G[32m‚úî[39m This task will execute.
[33m‚ùØ[39m This task will execute. 

‚Ä∫ I will push an output. [0] 
",
  ],
  Array [
    "[2K[1A[2K[1A[2K[1A[2K[1A[2K[G[32m‚úî[39m This task will execute.
[33m‚ùØ[39m This task will execute. 

‚Ä∫ I will push an output. [1] 
",
  ],
  Array [
    "[2K[1A[2K[1A[2K[1A[2K[1A[2K[G[32m‚úî[39m This task will execute.
[33m‚ùØ[39m This task will execute. 

‚Ä∫ I will push an output. [2] 
",
  ],
  Array [
    "[2K[1A[2K[1A[2K[1A[2K[1A[2K[G[32m‚úî[39m This task will execute.
[32m‚úî[39m This task will execute. 

‚Ä∫ I will push an output. [2] 
",
  ],
  Array [
    "[2K[1A[2K[1A[2K[1A[2K[1A[2K[G[32m‚úî[39m This task will execute.
[32m‚úî[39m This task will execute. 

‚Ä∫ I will push an output. [2]
",
  ],
]
`;

exports[`show output from task should output to bottom bar from task with no title persistently: test-e2e-iI52S3WPytorU9EZKPar2AiBrLAZTVut-err 1`] = `Array []`;

exports[`show output from task should output to bottom bar from task with no title persistently: test-e2e-iI52S3WPytorU9EZKPar2AiBrLAZTVut-exit 1`] = `Array []`;

exports[`show output from task should output to bottom bar from task with no title persistently: test-e2e-iI52S3WPytorU9EZKPar2AiBrLAZTVut-out 1`] = `
Array [
  Array [
    "  
",
  ],
  Array [
    "[2K[1A[2K[G 

‚Ä∫ I will push an output. [0] 
",
  ],
  Array [
    "[2K[1A[2K[1A[2K[1A[2K[G 

‚Ä∫ I will push an output. [0]
‚Ä∫ I will push an output. [1] 
",
  ],
  Array [
    "[2K[1A[2K[1A[2K[1A[2K[1A[2K[G 

‚Ä∫ I will push an output. [0]
‚Ä∫ I will push an output. [1]
‚Ä∫ I will push an output. [2] 
",
  ],
  Array [
    "[2K[1A[2K[1A[2K[1A[2K[1A[2K[1A[2K[G 

‚Ä∫ I will push an output. [0]
‚Ä∫ I will push an output. [1]
‚Ä∫ I will push an output. [2]
",
  ],
]
`;

exports[`show output from task should output to bottom bar from task with no title: test-e2e-JMCRBo4OtLm7JB3XbcYoRcCdQRiKfPdP-err 1`] = `Array []`;

exports[`show output from task should output to bottom bar from task with no title: test-e2e-JMCRBo4OtLm7JB3XbcYoRcCdQRiKfPdP-exit 1`] = `Array []`;

exports[`show output from task should output to bottom bar from task with no title: test-e2e-JMCRBo4OtLm7JB3XbcYoRcCdQRiKfPdP-out 1`] = `
Array [
  Array [
    "  
",
  ],
  Array [
    "[2K[1A[2K[G 

‚Ä∫ I will push an output. [0] 
",
  ],
  Array [
    "[2K[1A[2K[1A[2K[1A[2K[G 

‚Ä∫ I will push an output. [0]
‚Ä∫ I will push an output. [1] 
",
  ],
  Array [
    "[2K[1A[2K[1A[2K[1A[2K[1A[2K[G 

‚Ä∫ I will push an output. [0]
‚Ä∫ I will push an output. [1]
‚Ä∫ I will push an output. [2] 
",
  ],
  Array [
    "[2K[1A[2K[1A[2K[1A[2K[1A[2K[1A[2K[G  
",
  ],
  Array [
    "[2K[1A[2K[G 
",
  ],
]
`;

exports[`show output from task should output to bottom bar persistently: test-e2e-HhZEM7noGNW4xpgxv4ZtXsPMroPWqrEA-err 1`] = `Array []`;

exports[`show output from task should output to bottom bar persistently: test-e2e-HhZEM7noGNW4xpgxv4ZtXsPMroPWqrEA-exit 1`] = `Array []`;

exports[`show output from task should output to bottom bar persistently: test-e2e-HhZEM7noGNW4xpgxv4ZtXsPMroPWqrEA-out 1`] = `
Array [
  Array [
    "[2m‚óº[22m This task will execute.  
",
  ],
  Array [
    "[2K[1A[2K[G[33m‚ùØ[39m This task will execute.  
",
  ],
  Array [
    "[2K[1A[2K[G[33m‚ùØ[39m This task will execute. 

‚Ä∫ I will push an output. [0] 
",
  ],
  Array [
    "[2K[1A[2K[1A[2K[1A[2K[G[33m‚ùØ[39m This task will execute. 

‚Ä∫ I will push an output. [0]
‚Ä∫ I will push an output. [1] 
",
  ],
  Array [
    "[2K[1A[2K[1A[2K[1A[2K[1A[2K[G[33m‚ùØ[39m This task will execute. 

‚Ä∫ I will push an output. [0]
‚Ä∫ I will push an output. [1]
‚Ä∫ I will push an output. [2] 
",
  ],
  Array [
    "[2K[1A[2K[1A[2K[1A[2K[1A[2K[1A[2K[G[32m‚úî[39m This task will execute. 

‚Ä∫ I will push an output. [0]
‚Ä∫ I will push an output. [1]
‚Ä∫ I will push an output. [2] 
",
  ],
  Array [
    "[2K[1A[2K[1A[2K[1A[2K[1A[2K[1A[2K[G[32m‚úî[39m This task will execute. 

‚Ä∫ I will push an output. [0]
‚Ä∫ I will push an output. [1]
‚Ä∫ I will push an output. [2]
",
  ],
]
`;

exports[`show output from task should output to bottom bar: test-e2e-767BkeBTfR1lrS2ANYYH7CLWPATxqyat-err 1`] = `Array []`;

exports[`show output from task should output to bottom bar: test-e2e-767BkeBTfR1lrS2ANYYH7CLWPATxqyat-exit 1`] = `Array []`;

exports[`show output from task should output to bottom bar: test-e2e-767BkeBTfR1lrS2ANYYH7CLWPATxqyat-out 1`] = `
Array [
  Array [
    "[2m‚óº[22m This task will execute.  
",
  ],
  Array [
    "[2K[1A[2K[G[33m‚ùØ[39m This task will execute.  
",
  ],
  Array [
    "[2K[1A[2K[G[33m‚ùØ[39m This task will execute. 

‚Ä∫ I will push an output. [0] 
",
  ],
  Array [
    "[2K[1A[2K[1A[2K[1A[2K[G[33m‚ùØ[39m This task will execute. 

‚Ä∫ I will push an output. [0]
‚Ä∫ I will push an output. [1] 
",
  ],
  Array [
    "[2K[1A[2K[1A[2K[1A[2K[1A[2K[G[33m‚ùØ[39m This task will execute. 

‚Ä∫ I will push an output. [0]
‚Ä∫ I will push an output. [1]
‚Ä∫ I will push an output. [2] 
",
  ],
  Array [
    "[2K[1A[2K[1A[2K[1A[2K[1A[2K[1A[2K[G[32m‚úî[39m This task will execute.  
",
  ],
  Array [
    "[2K[1A[2K[G[32m‚úî[39m This task will execute. 
",
  ],
]
`;

exports[`show output from task should output to from an observable: test-e2e-SM8IHVdptzrFs7Qk2bseYbdCwtTf03QT-err 1`] = `Array []`;

exports[`show output from task should output to from an observable: test-e2e-SM8IHVdptzrFs7Qk2bseYbdCwtTf03QT-exit 1`] = `Array []`;

exports[`show output from task should output to from an observable: test-e2e-SM8IHVdptzrFs7Qk2bseYbdCwtTf03QT-out 1`] = `
Array [
  Array [
    "[2m‚óº[22m Observable test.  
",
  ],
  Array [
    "[2K[1A[2K[G[33m‚ùØ[39m Observable test.  
",
  ],
  Array [
    "[2K[1A[2K[G[33m‚ùØ[39m Observable test.
  ‚Ä∫ test  
",
  ],
  Array [
    "[2K[1A[2K[1A[2K[G[33m‚ùØ[39m Observable test.
  ‚Ä∫ changed  
",
  ],
  Array [
    "[2K[1A[2K[1A[2K[G[32m‚úî[39m Observable test.  
",
  ],
  Array [
    "[2K[1A[2K[G[32m‚úî[39m Observable test. 
",
  ],
]
`;

exports[`show output from task should yield example output: test-e2e-rMG224TBrLk3ocYtKidc1D4AyZtEHm11-err 1`] = `Array []`;

exports[`show output from task should yield example output: test-e2e-rMG224TBrLk3ocYtKidc1D4AyZtEHm11-exit 1`] = `Array []`;

exports[`show output from task should yield example output: test-e2e-rMG224TBrLk3ocYtKidc1D4AyZtEHm11-out 1`] = `
Array [
  Array [
    "[2m‚óº[22m This task will execute.  
",
  ],
  Array [
    "[2K[1A[2K[G[33m‚ùØ[39m This task will execute.  
",
  ],
  Array [
    "[2K[1A[2K[G[33m‚ùØ[39m This task will execute.
  ‚Ä∫ I will push an output. [0]  
",
  ],
  Array [
    "[2K[1A[2K[1A[2K[G[33m‚ùØ[39m This task will execute.
  ‚Ä∫ I will push an output. [1]  
",
  ],
  Array [
    "[2K[1A[2K[1A[2K[G[33m‚ùØ[39m This task will execute.
  ‚Ä∫ I will push an output. [2]  
",
  ],
  Array [
    "[2K[1A[2K[1A[2K[G[32m‚úî[39m This task will execute.  
",
  ],
  Array [
    "[2K[1A[2K[G[32m‚úî[39m This task will execute. 
",
  ],
]
`;
